<!DOCTYPE html>
<html lang="en">

<head>
    <meta charset="UTF-8">
    <meta name="viewport" content="width=device-width, initial-scale=1.0">
    <meta http-equiv="X-UA-Compatible" content="ie=edge">
    <link rel="stylesheet" href="css/bootstrap.min.css">
    <link rel="stylesheet" href="https://maxcdn.bootstrapcdn.com/font-awesome/4.7.0/css/font-awesome.min.css">
    <link rel="stylesheet" href="css/fonts.css">
    <link rel="stylesheet" href="css/style.css">
    <link rel="stylesheet" href="css/media.css">
    <title>Golden </title>
</head>

<body>

    <header class="header">
        <div class="container">
            <div class="row">
                <div class="col-lg-2">
                    <a class="logo-link link" href="#"><img src="img/logo.png" alt="Logo"></a>
                </div>
                <div class="col-lg-9">
                    <ul class="nav d-flex justify-content-end">
                        <li class=" nav-item menu-list"><a class="link" href="#">Home</a></li>
                        <li class="nav-item menu-list"><a class="link" href="#">Services</a></li>
                        <li class="nav-item menu-list"><a class="link" href="#">Portfolio</a></li>
                        <li class="nav-item menu-list"><a class="link" href="#">About</a></li>
                        <li class="nav-item menu-list"><a class="link" href="#">Contact</a></li>
                    </ul>
                </div>
            </div>
        </div>
        <div class="row">
            <div class="col-lg-12 section">
                <p class="subtitle-cover">Welcome to our studio!</p>
                <h1 class="title-cover">It's nice to meet you</h1>
                <button type="button" class="btn btn-primary btn-cover">Tell me more</button>
            </div>
        </div>
    </header>

    <section class="services">
        <div class="container">
            <div class="row">
                <div class="col-lg-12">
                    <h2 class="services-title title">Services</h2>
                    <p class="services-subtitle subtitle">Lorem ipsum dolor sit amet consectetur adipisicing.</p>
                </div>
            </div>
            <div class="row">
                <div class="col-lg-4">
                    <div class="card card-style">
                        <img src="img/icon1.png" class="icon" alt="icon1">
                        <div class="card-body">
                            <h5 class="card-title title-card">E-commerce</h5>
                            <p class="card-text text">Some quick example text to build on the card
                                title and make up the bulk
                                of the card's content.</p>
                        </div>
                    </div>
                </div>
                <div class="col-lg-4">
                    <div class="card card-style">
                        <img src="img/icon2.png" class="icon" alt="icon2">
                        <div class="card-body">
                            <h5 class="card-title title-card">Responsive Web</h5>
                            <p class="card-text text">Some quick example text to build on the card
                                title and make up the bulk
                                of the card's content.</p>
                        </div>
                    </div>
                </div>
                <div class="col-lg-4">
                    <div class="card card-style">
                        <img src="img/icon.png" class="icon" alt="icon3">
                        <div class="card-body">
                            <h5 class="card-title title-card">Web Security</h5>
                            <p class="card-text text">Some quick example text to build on the card
                                title and make up the bulk
                                of the card's content.</p>
                        </div>
                    </div>
                </div>
            </div>
    </section>

    <section class="portfolio">
        <div class="container">
            <div class="row">
                <div class="col-lg-12">
                    <h2 class="services-title title">Our Portfolio</h2>
                    <p class="services-subtitle subtitle">Lorem ipsum dolor sit amet consectetur adipisicing.</p>
                </div>
            </div>
            <div class="row">
                <div class="col-lg-4">
                    <div class="card" style="width: 18rem;">
                        <img src="img/img2.png" class="portfolio-image" alt="icon3">
                        <div class="card-body">
                            <h5 class="card-title title-card">Ebony & Ivory
                            </h5>
                            <p class="card-text text">Branding</p>
                        </div>
                    </div>
                </div>
                <div class="col-lg-4">
                    <div class="card" style="width: 18rem;">
                        <img src="img/img3.png" class="portfolio-image" alt="icon3">
                        <div class="card-body">
                            <h5 class="card-title title-card">Smart Stationary
                            </h5>
                            <p class="card-text text">Print Design</p>
                        </div>
                    </div>
                </div>
                <div class="col-lg-4">
                    <div class="card" style="width: 18rem;">
                        <img src="img/img1.png" class="portfolio-image" alt="icon3">
                        <div class="card-body">
                            <h5 class="card-title title-card">Clever Poster
                            </h5>
                            <p class="card-text text">Print Design</p>
                        </div>
                    </div>
                </div>
            </div>
        </div>
    </section>

    <section class="contact">
        <div class="container">
            <div class="row">
                <div class="col-lg-12">
                    <h2 class="title" style="color: white">Contact us</h2>
                    <p class="text">Proin iaculis purus consequat sem cure. </p>
                </div>
            </div>

            <form class="form">
                <div class="row">
                    <div class="col">
                        <input type="text" class="form-control input-size" placeholder="your Name *">
                        <input type="email" class="form-control input-size" placeholder="your e-mail *">
                        <input type="text" class="form-control" placeholder="subject">
                    </div>
                    <div class="col">
                        <textarea class="form-control" placeholder="Your message *" rows="6"></textarea>
                    </div>
                </div>
            </form>
            <div class="row">
                <div class="col-lg-12">
                    <button type="button" class="btn btn-primary btn-cover">Send Message</button>
                </div>
            </div>
        </div>
    </section>
  

    <footer class="footer">
        <div class="container">
            <div class="row">
                <div class="col-lg-5">
                    <p class="footer-text text text">&#xa9 Copyrite 2014 <span><a class="link"
                                href="#">FreebiesXpress.com</a></span></p>
                </div>
                <div class="col-lg-7">
                    <div class="social github">
                        <a href="#" target="_blank"><i class="fa fa-github fa-2x"></i></a>
                    </div>
                    <div class="social youtube">
                        <a href="#" target="_blank"><i class="fa fa-youtube fa-2x"></i></a>
                    </div>
                    <div class="social google-pluse">
                        <a href="#" target="_blank"><i class="fa fa-google-plus fa-2x"></i></a>
                    </div>
                    <div class="social facebook">
                        <a href="#" target="_blank"><i class="fa fa-facebook fa-2x"></i></a>
                    </div>
                </div>
            </div>
        </div>
    </footer>


</body>

</html>